// Jest Snapshot v1, https://goo.gl/fbAQLP

exports[`La View de ProductForm 1) Renderiza 1`] = `
<DocumentFragment>
  <form
    style="width: 500px; margin: 15px 15px;"
  >
    <fieldset>
      <legend
        style="font-size: 20px; font-weight: bold;"
      >
        Producto
      </legend>
      <label
        for="id"
        style="font-size: 14px; margin-right: 5px; font-weight: bold;"
      >
        Id
      </label>
      <br />
      <input
        id="id"
        name="id"
        placeholder="MLA19049553"
        required=""
        style="border: 1px solid; border-radius: 3px; width: 200px; box-shadow: none;"
        type="text"
      />
      <br />
      <br />
      <label
        for="name"
        style="font-size: 14px; margin-right: 5px; font-weight: bold;"
      >
        Nombre
      </label>
      <br />
      <input
        id="name"
        name="name"
        placeholder="Gimbal DJI OM4"
        required=""
        style="border: 1px solid; border-radius: 3px; width: 200px; box-shadow: none;"
        type="text"
      />
      <br />
      <br />
      <label
        for="price"
        style="font-size: 14px; margin-right: 5px; font-weight: bold;"
      >
        Precio
      </label>
      <br />
      <input
        id="price"
        name="price"
        placeholder="$29.900"
        required=""
        style="border: 1px solid; border-radius: 3px; width: 200px; box-shadow: none;"
        type="number"
      />
      <br />
      <br />
      <label
        for="description"
        style="font-size: 14px; margin-right: 5px; font-weight: bold;"
      >
        Descripción
      </label>
      <br />
      <textarea
        id="description"
        name="description"
        required=""
        style="border: 1px solid; border-radius: 3px; width: 350px; height: 75px; box-shadow: none; resize: none;"
      />
      <br />
      <br />
      <button
        style="background-color: rgb(0, 140, 186); border-radius: 7px; color: white; text-align: center; font-size: 16px; padding: 7px 20px;"
        type="submit"
      >
        Agregar producto
      </button>
    </fieldset>
  </form>
  <span
    style="color: red; margin: 15px 15px;"
  />
  <pre
    style="margin: 15px 15px;"
  >
    []
  </pre>
</DocumentFragment>
`;
